Archive member included because of file (symbol)

c:/winavr-20100110/bin/../lib/gcc/avr/4.3.3/avr5\libgcc.a(_udivmodsi4.o)
                              ./uart.o (__udivmodsi4)
c:/winavr-20100110/bin/../lib/gcc/avr/4.3.3/avr5\libgcc.a(_exit.o)
                              c:/winavr-20100110/bin/../lib/gcc/avr/4.3.3/../../../../avr/lib/avr5/crtm16.o (exit)
c:/winavr-20100110/bin/../lib/gcc/avr/4.3.3/avr5\libgcc.a(_copy_data.o)
                              ./main.o (__do_copy_data)
c:/winavr-20100110/bin/../lib/gcc/avr/4.3.3/avr5\libgcc.a(_clear_bss.o)
                              ./main.o (__do_clear_bss)

Allocating common symbols
Common symbol       size              file

g_errorCounter      0x1               ./main.o
g_data              0x1               ./main.o

Memory Configuration

Name             Origin             Length             Attributes
text             0x00000000         0x00020000         xr
data             0x00800060         0x0000ffa0         rw !x
eeprom           0x00810000         0x00010000         rw !x
fuse             0x00820000         0x00000400         rw !x
lock             0x00830000         0x00000400         rw !x
signature        0x00840000         0x00000400         rw !x
*default*        0x00000000         0xffffffff

Linker script and memory map

LOAD c:/winavr-20100110/bin/../lib/gcc/avr/4.3.3/../../../../avr/lib/avr5/crtm16.o
LOAD ./external_eeprom.o
LOAD ./i2c.o
LOAD ./main.o
LOAD ./timer1.o
LOAD ./uart.o
LOAD c:/winavr-20100110/bin/../lib/gcc/avr/4.3.3/avr5\libgcc.a
LOAD c:/winavr-20100110/bin/../lib/gcc/avr/4.3.3/../../../../avr/lib/avr5\libc.a
LOAD c:/winavr-20100110/bin/../lib/gcc/avr/4.3.3/avr5\libgcc.a

.hash
 *(.hash)

.dynsym
 *(.dynsym)

.dynstr
 *(.dynstr)

.gnu.version
 *(.gnu.version)

.gnu.version_d
 *(.gnu.version_d)

.gnu.version_r
 *(.gnu.version_r)

.rel.init
 *(.rel.init)

.rela.init
 *(.rela.init)

.rel.text
 *(.rel.text)
 *(.rel.text.*)
 *(.rel.gnu.linkonce.t*)

.rela.text
 *(.rela.text)
 *(.rela.text.*)
 *(.rela.gnu.linkonce.t*)

.rel.fini
 *(.rel.fini)

.rela.fini
 *(.rela.fini)

.rel.rodata
 *(.rel.rodata)
 *(.rel.rodata.*)
 *(.rel.gnu.linkonce.r*)

.rela.rodata
 *(.rela.rodata)
 *(.rela.rodata.*)
 *(.rela.gnu.linkonce.r*)

.rel.data
 *(.rel.data)
 *(.rel.data.*)
 *(.rel.gnu.linkonce.d*)

.rela.data
 *(.rela.data)
 *(.rela.data.*)
 *(.rela.gnu.linkonce.d*)

.rel.ctors
 *(.rel.ctors)

.rela.ctors
 *(.rela.ctors)

.rel.dtors
 *(.rel.dtors)

.rela.dtors
 *(.rela.dtors)

.rel.got
 *(.rel.got)

.rela.got
 *(.rela.got)

.rel.bss
 *(.rel.bss)

.rela.bss
 *(.rela.bss)

.rel.plt
 *(.rel.plt)

.rela.plt
 *(.rela.plt)

.text           0x00000000      0xee8
 *(.vectors)
 .vectors       0x00000000       0x54 c:/winavr-20100110/bin/../lib/gcc/avr/4.3.3/../../../../avr/lib/avr5/crtm16.o
                0x00000000                __vectors
                0x00000000                __vector_default
 *(.vectors)
 *(.progmem.gcc*)
 *(.progmem*)
                0x00000054                . = ALIGN (0x2)
                0x00000054                __trampolines_start = .
 *(.trampolines)
 .trampolines   0x00000054        0x0 linker stubs
 *(.trampolines*)
                0x00000054                __trampolines_end = .
 *(.jumptables)
 *(.jumptables*)
 *(.lowtext)
 *(.lowtext*)
                0x00000054                __ctors_start = .
 *(.ctors)
                0x00000054                __ctors_end = .
                0x00000054                __dtors_start = .
 *(.dtors)
                0x00000054                __dtors_end = .
 SORT(*)(.ctors)
 SORT(*)(.dtors)
 *(.init0)
 .init0         0x00000054        0x0 c:/winavr-20100110/bin/../lib/gcc/avr/4.3.3/../../../../avr/lib/avr5/crtm16.o
                0x00000054                __init
 *(.init0)
 *(.init1)
 *(.init1)
 *(.init2)
 .init2         0x00000054        0xc c:/winavr-20100110/bin/../lib/gcc/avr/4.3.3/../../../../avr/lib/avr5/crtm16.o
 *(.init2)
 *(.init3)
 *(.init3)
 *(.init4)
 .init4         0x00000060       0x16 c:/winavr-20100110/bin/../lib/gcc/avr/4.3.3/avr5\libgcc.a(_copy_data.o)
                0x00000060                __do_copy_data
 .init4         0x00000076       0x10 c:/winavr-20100110/bin/../lib/gcc/avr/4.3.3/avr5\libgcc.a(_clear_bss.o)
                0x00000076                __do_clear_bss
 *(.init4)
 *(.init5)
 *(.init5)
 *(.init6)
 *(.init6)
 *(.init7)
 *(.init7)
 *(.init8)
 *(.init8)
 *(.init9)
 .init9         0x00000086        0x8 c:/winavr-20100110/bin/../lib/gcc/avr/4.3.3/../../../../avr/lib/avr5/crtm16.o
 *(.init9)
 *(.text)
 .text          0x0000008e        0x4 c:/winavr-20100110/bin/../lib/gcc/avr/4.3.3/../../../../avr/lib/avr5/crtm16.o
                0x0000008e                __vector_1
                0x0000008e                __vector_12
                0x0000008e                __bad_interrupt
                0x0000008e                __vector_3
                0x0000008e                __vector_11
                0x0000008e                __vector_13
                0x0000008e                __vector_17
                0x0000008e                __vector_19
                0x0000008e                __vector_5
                0x0000008e                __vector_4
                0x0000008e                __vector_9
                0x0000008e                __vector_2
                0x0000008e                __vector_15
                0x0000008e                __vector_14
                0x0000008e                __vector_10
                0x0000008e                __vector_16
                0x0000008e                __vector_18
                0x0000008e                __vector_20
 .text          0x00000092        0x0 ./external_eeprom.o
 .text          0x00000092        0x0 ./i2c.o
 .text          0x00000092        0x0 ./main.o
 .text          0x00000092        0x0 ./timer1.o
 .text          0x00000092        0x0 ./uart.o
 .text          0x00000092        0x0 c:/winavr-20100110/bin/../lib/gcc/avr/4.3.3/avr5\libgcc.a(_udivmodsi4.o)
 .text          0x00000092        0x0 c:/winavr-20100110/bin/../lib/gcc/avr/4.3.3/avr5\libgcc.a(_exit.o)
 .text          0x00000092        0x0 c:/winavr-20100110/bin/../lib/gcc/avr/4.3.3/avr5\libgcc.a(_copy_data.o)
 .text          0x00000092        0x0 c:/winavr-20100110/bin/../lib/gcc/avr/4.3.3/avr5\libgcc.a(_clear_bss.o)
                0x00000092                . = ALIGN (0x2)
 *(.text.*)
 .text.EEPROM_init
                0x00000092       0x32 ./external_eeprom.o
                0x00000092                EEPROM_init
 .text.EEPROM_writeByte
                0x000000c4       0x82 ./external_eeprom.o
                0x000000c4                EEPROM_writeByte
 .text.EEPROM_readByte
                0x00000146       0xc0 ./external_eeprom.o
                0x00000146                EEPROM_readByte
 .text.TWI_init
                0x00000206       0x72 ./i2c.o
                0x00000206                TWI_init
 .text.TWI_start
                0x00000278       0x20 ./i2c.o
                0x00000278                TWI_start
 .text.TWI_stop
                0x00000298       0x16 ./i2c.o
                0x00000298                TWI_stop
 .text.TWI_write
                0x000002ae       0x2e ./i2c.o
                0x000002ae                TWI_write
 .text.TWI_readWithACK
                0x000002dc       0x26 ./i2c.o
                0x000002dc                TWI_readWithACK
 .text.TWI_readWithNACK
                0x00000302       0x26 ./i2c.o
                0x00000302                TWI_readWithNACK
 .text.TWI_getStatus
                0x00000328       0x1e ./i2c.o
                0x00000328                TWI_getStatus
 .text.main     0x00000346      0x13e ./main.o
                0x00000346                main
 .text.passwordCreation
                0x00000484       0x3e ./main.o
                0x00000484                passwordCreation
 .text.passwordConfirmation
                0x000004c2       0x62 ./main.o
                0x000004c2                passwordConfirmation
 .text.savePassword
                0x00000524       0x50 ./main.o
                0x00000524                savePassword
 .text.comparingWithSavedPassword
                0x00000574       0xd4 ./main.o
                0x00000574                comparingWithSavedPassword
 .text.openCloseDoor
                0x00000648       0xb0 ./main.o
                0x00000648                openCloseDoor
 .text.buzzer   0x000006f8       0x44 ./main.o
                0x000006f8                buzzer
 .text.recieveData
                0x0000073c       0x2e ./main.o
                0x0000073c                recieveData
 .text.calledBackFunction
                0x0000076a       0x18 ./main.o
                0x0000076a                calledBackFunction
 .text.__vector_8
                0x00000782       0x66 ./timer1.o
                0x00000782                __vector_8
 .text.__vector_6
                0x000007e8       0x66 ./timer1.o
                0x000007e8                __vector_6
 .text.__vector_7
                0x0000084e       0x66 ./timer1.o
                0x0000084e                __vector_7
 .text.Timer1_init
                0x000008b4       0xa2 ./timer1.o
                0x000008b4                Timer1_init
 .text.Timer1_normalMode
                0x00000956       0x2c ./timer1.o
                0x00000956                Timer1_normalMode
 .text.Timer1_compareMode_OCR1A
                0x00000982       0x72 ./timer1.o
                0x00000982                Timer1_compareMode_OCR1A
 .text.Timer1_compareMode_OCR1B
                0x000009f4       0x70 ./timer1.o
                0x000009f4                Timer1_compareMode_OCR1B
 .text.changeTimerClock
                0x00000a64       0x32 ./timer1.o
                0x00000a64                changeTimerClock
 .text.Timer1_setCallBack
                0x00000a96       0x24 ./timer1.o
                0x00000a96                Timer1_setCallBack
 .text.UART_init
                0x00000aba      0x1ba ./uart.o
                0x00000aba                UART_init
 .text.UART_sendByte
                0x00000c74       0x3c ./uart.o
                0x00000c74                UART_sendByte
 .text.UART_recieveByte
                0x00000cb0       0x1e ./uart.o
                0x00000cb0                UART_recieveByte
 .text.UART_sendString
                0x00000cce       0x38 ./uart.o
                0x00000cce                UART_sendString
 .text.UART_recieveString
                0x00000d06       0x86 ./uart.o
                0x00000d06                UART_recieveString
 .text.getUBRRvalue
                0x00000d8c      0x114 ./uart.o
 .text.libgcc   0x00000ea0       0x44 c:/winavr-20100110/bin/../lib/gcc/avr/4.3.3/avr5\libgcc.a(_udivmodsi4.o)
                0x00000ea0                __udivmodsi4
 .text.libgcc   0x00000ee4        0x0 c:/winavr-20100110/bin/../lib/gcc/avr/4.3.3/avr5\libgcc.a(_exit.o)
 .text.libgcc   0x00000ee4        0x0 c:/winavr-20100110/bin/../lib/gcc/avr/4.3.3/avr5\libgcc.a(_copy_data.o)
 .text.libgcc   0x00000ee4        0x0 c:/winavr-20100110/bin/../lib/gcc/avr/4.3.3/avr5\libgcc.a(_clear_bss.o)
                0x00000ee4                . = ALIGN (0x2)
 *(.fini9)
 .fini9         0x00000ee4        0x0 c:/winavr-20100110/bin/../lib/gcc/avr/4.3.3/avr5\libgcc.a(_exit.o)
                0x00000ee4                exit
                0x00000ee4                _exit
 *(.fini9)
 *(.fini8)
 *(.fini8)
 *(.fini7)
 *(.fini7)
 *(.fini6)
 *(.fini6)
 *(.fini5)
 *(.fini5)
 *(.fini4)
 *(.fini4)
 *(.fini3)
 *(.fini3)
 *(.fini2)
 *(.fini2)
 *(.fini1)
 *(.fini1)
 *(.fini0)
 .fini0         0x00000ee4        0x4 c:/winavr-20100110/bin/../lib/gcc/avr/4.3.3/avr5\libgcc.a(_exit.o)
 *(.fini0)
                0x00000ee8                _etext = .

.data           0x00800060       0x12 load address 0x00000ee8
                0x00800060                PROVIDE (__data_start, .)
 *(.data)
 .data          0x00800060        0x0 c:/winavr-20100110/bin/../lib/gcc/avr/4.3.3/../../../../avr/lib/avr5/crtm16.o
 .data          0x00800060        0x0 ./external_eeprom.o
 .data          0x00800060        0x0 ./i2c.o
 .data          0x00800060        0x0 ./main.o
 .data          0x00800060        0x0 ./timer1.o
 .data          0x00800060        0x0 ./uart.o
 .data          0x00800060        0x0 c:/winavr-20100110/bin/../lib/gcc/avr/4.3.3/avr5\libgcc.a(_udivmodsi4.o)
 .data          0x00800060        0x0 c:/winavr-20100110/bin/../lib/gcc/avr/4.3.3/avr5\libgcc.a(_exit.o)
 .data          0x00800060        0x0 c:/winavr-20100110/bin/../lib/gcc/avr/4.3.3/avr5\libgcc.a(_copy_data.o)
 .data          0x00800060        0x0 c:/winavr-20100110/bin/../lib/gcc/avr/4.3.3/avr5\libgcc.a(_clear_bss.o)
 *(.data*)
 .data.TIMER1_configType
                0x00800060        0x4 ./main.o
                0x00800060                TIMER1_configType
 .data.Timer1_compare_1A_configType
                0x00800064        0x5 ./main.o
                0x00800064                Timer1_compare_1A_configType
 *(.rodata)
 *(.rodata*)
 .rodata.C.0.1448
                0x00800069        0x9 ./main.o
 *(.gnu.linkonce.d*)
                0x00800072                . = ALIGN (0x2)
                0x00800072                _edata = .
                0x00800072                PROVIDE (__data_end, .)

.bss            0x00800072        0xf
                0x00800072                PROVIDE (__bss_start, .)
 *(.bss)
 .bss           0x00800072        0x0 c:/winavr-20100110/bin/../lib/gcc/avr/4.3.3/../../../../avr/lib/avr5/crtm16.o
 .bss           0x00800072        0x0 ./external_eeprom.o
 .bss           0x00800072        0x0 ./i2c.o
 .bss           0x00800072        0x0 ./main.o
 .bss           0x00800072        0x0 ./timer1.o
 .bss           0x00800072        0x0 ./uart.o
 .bss           0x00800072        0x0 c:/winavr-20100110/bin/../lib/gcc/avr/4.3.3/avr5\libgcc.a(_udivmodsi4.o)
 .bss           0x00800072        0x0 c:/winavr-20100110/bin/../lib/gcc/avr/4.3.3/avr5\libgcc.a(_exit.o)
 .bss           0x00800072        0x0 c:/winavr-20100110/bin/../lib/gcc/avr/4.3.3/avr5\libgcc.a(_copy_data.o)
 .bss           0x00800072        0x0 c:/winavr-20100110/bin/../lib/gcc/avr/4.3.3/avr5\libgcc.a(_clear_bss.o)
 *(.bss*)
 .bss.g_password
                0x00800072        0x6 ./main.o
                0x00800072                g_password
 .bss.g_counter
                0x00800078        0x1 ./main.o
                0x00800078                g_counter
 .bss.Timer1_configType_Ptr
                0x00800079        0x2 ./main.o
                0x00800079                Timer1_configType_Ptr
 .bss.Timer1_compare_1A_configType_Ptr
                0x0080007b        0x2 ./main.o
                0x0080007b                Timer1_compare_1A_configType_Ptr
 .bss.g_callBackPtr
                0x0080007d        0x2 ./timer1.o
 *(COMMON)
 COMMON         0x0080007f        0x2 ./main.o
                0x0080007f                g_errorCounter
                0x00800080                g_data
                0x00800081                PROVIDE (__bss_end, .)
                0x00000ee8                __data_load_start = LOADADDR (.data)
                0x00000efa                __data_load_end = (__data_load_start + SIZEOF (.data))

.noinit         0x00800081        0x0
                0x00800081                PROVIDE (__noinit_start, .)
 *(.noinit*)
                0x00800081                PROVIDE (__noinit_end, .)
                0x00800081                _end = .
                0x00800081                PROVIDE (__heap_start, .)

.eeprom         0x00810000        0x0
 *(.eeprom*)
                0x00810000                __eeprom_end = .

.fuse
 *(.fuse)
 *(.lfuse)
 *(.hfuse)
 *(.efuse)

.lock
 *(.lock*)

.signature
 *(.signature*)

.stab           0x00000000     0x1ab8
 *(.stab)
 .stab          0x00000000      0x630 ./external_eeprom.o
 .stab          0x00000630      0x348 ./i2c.o
                                0x5dc (size before relaxing)
 .stab          0x00000978      0x948 ./main.o
                                0xb94 (size before relaxing)
 .stab          0x000012c0      0x3e4 ./timer1.o
                                0x6c0 (size before relaxing)
 .stab          0x000016a4      0x414 ./uart.o
                                0x720 (size before relaxing)

.stabstr        0x00000000     0x163a
 *(.stabstr)
 .stabstr       0x00000000     0x163a ./external_eeprom.o

.stab.excl
 *(.stab.excl)

.stab.exclstr
 *(.stab.exclstr)

.stab.index
 *(.stab.index)

.stab.indexstr
 *(.stab.indexstr)

.comment
 *(.comment)

.debug
 *(.debug)

.line
 *(.line)

.debug_srcinfo
 *(.debug_srcinfo)

.debug_sfnames
 *(.debug_sfnames)

.debug_aranges
 *(.debug_aranges)

.debug_pubnames
 *(.debug_pubnames)

.debug_info
 *(.debug_info)
 *(.gnu.linkonce.wi.*)

.debug_abbrev
 *(.debug_abbrev)

.debug_line
 *(.debug_line)

.debug_frame
 *(.debug_frame)

.debug_str
 *(.debug_str)

.debug_loc
 *(.debug_loc)

.debug_macinfo
 *(.debug_macinfo)
OUTPUT(Control_ECU.elf elf32-avr)
LOAD linker stubs
